---
source: src/ui/features/environments/tests.rs
expression: text
---
0 Overview   1 a-ready  2 b-error  ›
R┌Help────────────────────────────────┐
b│ Current: Overview                ▲ │
d│ ↑ / ↓ / j / k                    ┃ │
H│   select a resource row          │ │
─│ ← / → / [ / ]                    │ │─
A│   select an environment          │ │
b│ Enter                            │ │
?│   open selected resource in the  │ │
N│   selected environment's raw     │ │h
─│   plan                           │ │─
T│ 1–9                              ▼ │
 │ ↑/↓/k/j/PgUp/PgDn scroll           │
─│ ?/Esc close                        │─
↑└────────────────────────────────────┘
v plan | ? help | q quit
