---
source: src/ui/features/environments/tests.rs
expression: text
---
0 Overview   1 a-ready  2 b-error  3 c-running  4 d-pending  5 e-hcp
R┌Help────────────────────────────────────────────────────────────────────────┐
d│ Current: Overview                                                        ▲ │
 │ ↑ / ↓ / j / k        scroll matrix or preview; move through filter       ┃ │
 │                      candidates                                          ┃ │
 │ ← / →                select env or scroll preview; move in filter search ┃ │
 │ [ / ]                select previous or next environment                 ┃ │
 │ Enter                open plan preview; apply filter or accept search    ┃ │
 │ Esc                  close preview; return from plan; cancel filter;     ┃ │
 │                      restore search                                      ┃ │
 │ 1–9                  open the numbered environment's full plan           ┃ │
 │ Space                expand or collapse groups; toggle a filter          │ │
 │                      candidate                                           │ │
 │ /                    filter addresses; search environment names in       │ │
 │                      filter                                              │ │
 │ e                    filter compared environments                        │ │
 │                                                                          │ │
 │ Other                                                                    │ │
 │ PgUp / PgDn          move a page in the active view or candidate list    │ │
 │ Home / End           go to an endpoint or the start/end of search text   │ │
 │ a                    clear filter search and select all                  ▼ │
 │ ?/Esc close                                                                │
 └────────────────────────────────────────────────────────────────────────────┘
  ? help | q quit
