---
source: src/ui/features/environments/tests.rs
expression: bottom_text
---
0 Overview   1 a-ready  2 b-error  ›
R┌Help────────────────────────────────┐
b│ Comparison                       ▲ │
d│ Same changes                     │ │
H│   no differences found in Ready  │ │
 │   plans; unknown values may      │ │
 │   differ                         │ │
A│ Scope                            │ │
b│   only Ready environments are    │ │
?│   compared                       │ │
N│ Excluded                         ┃ │h
─│   environments are not retried   ▼ │─
T│ ↑/↓/k/j/PgUp/PgDn scroll           │
 │ ?/Esc close                        │
↑└────────────────────────────────────┘
v plan  ? help  q quit
