---
source: src/ui/features/environments/tests.rs
expression: text
---
0 Overview   1 a-ready  2 b-error  3 c-running  4 d-pending  5 e-hcp
Ready: 1/5   Co┌Help───────────────────────────────────────────────────────────────────────────────────┐ded: HCP
execution      │ Current: Overview                                                                     │
───────────────│ ↑ / ↓ / j / k        scroll the matrix or preview                                     │────────────────
               │ ← / →                select env in matrix; scroll preview                             │
               │ [ / ]                select previous or next environment                              │
Address     > a│ Enter                open the selected environment's full plan preview                │
blank: absent  │ Tab                  switch input between matrix and preview                          │
No matching res│ Esc                  close preview; return from full plan                             │
───────────────│ 1–9                  open the numbered environment's full plan                        │────────────────
Total       +0 │ Space                expand all collapsed groups, or collapse all groups              │
            0 r│ /                    filter full addresses                                            │
               │ e                    filter compared environments                                     │
               │                                                                                       │
               │ Other                                                                                 │
               │ PgUp / PgDn          move one page                                                    │
               │ Home / End           go to the start or end of the matrix or preview                  │
               │ v                    show the full plan from the top                                  │
               │ y                    copy the selected environment's plan                             │
               │ c                    show environment context                                         │
               │ r                    retry a selected Error environment                               │
               │ q                    quit; confirms first while acquiring                             │
               │                                                                                       │
               │ Matrix legend                                                                         │
               │ + / ~ / -            create / update / delete                                         │
               │ +/- / -/+            replace (create→delete / delete→create)                          │
               │ blank                resource absent from this environment                            │
               │ .                    resource present, with no change                                 │
               │ ?                    plan unavailable; action unknown                                 │
               │ read / move / import action shown by name                                             │
               │ why: missing         resource present in only some Ready plans                        │
               │                                                                                       │
               │ Comparison                                                                            │
               │ Same changes         no differences found in Ready plans; unknown values may differ   │
               │ Scope                only Ready environments are compared                             │
               │ Excluded             environments are not retried                                     │
               │ ?/Esc close                                                                           │
───────────────└───────────────────────────────────────────────────────────────────────────────────────┘────────────────
↑↓ scroll rows | ←→ select env | Enter preview | [ ] select env | / filter | e env filter | v full plan | ? help
q quit
