---
source: src/ui/features/environments/tests.rs
expression: text
---
terracotta ▸ b-error                                                   terraform
b-error Error
┌* [2] Differs across envs─────────────────────────────────────────────────────┐
│                                                                              │
│Missing required variable                                                     │
│Pass a variable before retrying.                                              │
│Address     a-ready     b-error     c-running     d-pending      why          │
│                                                                              │
│No matching resource changes. v opens the full plan.                          │
│                                                                              │
│blank: absent   .: unchanged   ?: plan unavailable                            │
│                                                                              │
│                                                                              │
│                                                                              │
│                                                                              │
│                                                                              │
│                                                                              │
│                                                                              │
│                                                                              │
│                                                                              │
│                                                                              │
└──────────────────────────────────────────────────────────────────────────────┘
[/] env | Enter open plan | v full plan | / filter | ? help | q quit | 2 focus
f maximize
