---
source: src/ui/features/environments/tests.rs
expression: text
---
0 Overview   1 a-ready  2 b-error  3 c-running  4 d-pending  5 e-hcp
R┌Help────────────────────────────────────────────────────────────────────────┐
d│ Current: Overview                                                        ▲ │
 │ ↑ / ↓ / j / k        scroll matrix when preview is closed; scroll        ┃ │
 │                      preview when open                                   ┃ │
 │ ← / →                select env when preview is closed; scroll preview   ┃ │
 │                      when open                                           ┃ │
 │ [ / ]                select previous or next environment                 ┃ │
 │ Enter                open the selected environment's plan preview        ┃ │
 │ Esc                  close preview; return from full plan                ┃ │
 │ 1–9                  open the numbered environment's full plan           ┃ │
 │ Space                expand all collapsed groups, or collapse all groups ┃ │
 │ /                    filter full addresses                               │ │
 │ e                    filter compared environments                        │ │
 │                                                                          │ │
 │ Other                                                                    │ │
 │ PgUp / PgDn          move one page in the active view                    │ │
 │ Home / End           go to the start or end of the active view           │ │
 │ v                    show the full plan from the top                     │ │
 │ y                    copy the selected environment's plan                │ │
 │ c                    show environment context                            ▼ │
 │ ↑/↓/k/j/PgUp/PgDn scroll | ?/Esc close                                     │
 └────────────────────────────────────────────────────────────────────────────┘
  e env filter | v full plan | ? help | q quit
