---
source: src/ui/features/environments/tests.rs
expression: text
---
0 Overview   1 a-ready  2 b-error  3 c-running  4 d-pending  5 e-hcp                                          Ready: 1/5
Compared: a-ready   b-error: Error   c-running: Running   d-pending: Pending   e-hcp: Excluded: HCP execution
               ┌Help───────────────────────────────────────────────────────────────────────────────────┐
               │ Current: Overview                                                                     │
               │ ↑ / ↓ / j / k        scroll matrix when preview is closed; scroll preview when open   │
  Address     >│ ← / →                select env when preview is closed; scroll preview when open      │
               │ [ / ]                select previous or next environment                              │
  No matching r│ Enter                open the selected environment's plan preview                     │
               │ Esc                  close preview; return from full plan                             │
  Total       +│ 1–9                  open the numbered environment's full plan                        │
              0│ Space                expand all collapsed groups, or collapse all groups              │
  blank: absent│ /                    filter full addresses                                            │
               │ e                    filter compared environments                                     │
               │                                                                                       │
               │ Other                                                                                 │
               │ PgUp / PgDn          move one page in the active view                                 │
               │ Home / End           go to the start or end of the active view                        │
               │ v                    show the full plan from the top                                  │
               │ y                    copy the selected environment's plan                             │
               │ c                    show environment context                                         │
               │ r                    retry a selected Error environment                               │
               │ q                    quit; confirms first while acquiring                             │
               │                                                                                       │
               │ Matrix legend                                                                         │
               │ + / ~ / -            create / update / delete                                         │
               │ +/- / -/+            replace (create→delete / delete→create)                          │
               │ blank                resource absent from this environment                            │
               │ .                    resource present, with no change                                 │
               │ ?                    plan unavailable; action unknown                                 │
               │ read / move / import action shown by name                                             │
               │ why: missing         resource present in only some Ready plans                        │
               │                                                                                       │
               │ Comparison                                                                            │
               │ Same changes         no differences found in Ready plans; unknown values may differ   │
               │ Scope                only Ready environments are compared                             │
               │ Excluded             environments are not retried                                     │
               │ ?/Esc close                                                                           │
               └───────────────────────────────────────────────────────────────────────────────────────┘

  ↑↓ scroll rows | ←→ select env | Enter preview | [ ] env | / filter | e env filter | v full plan | ? help | q quit
