---
source: src/ui/features/environments/tests.rs
expression: text
---
0 Overview   1 a-ready  2 b-error  3 c-running  4 d-pending  5 e-hcp                                                                                  Ready: 1/5
Compared: a-ready   b-error: Error   c-running: Running   d-pending: Pending   e-hcp: Excluded: HCP execution



  Address     > a-ready      b-error     c-running     d-pending     e-hcp      why

  No matching resource changes. v opens the full plan.

  Total       No changes   Err┌Help─────────────────────────────────────────────────────────────────────────────────────────────┐
  blank: absent   .: unchanged│ Current: Overview                                                                               │
                              │ ↑ / ↓ / j / k        scroll matrix; move through filter candidates                              │
                              │ ← / →                select env; move in filter search                                          │
                              │ [ / ]                select previous or next environment                                        │
                              │ Enter                open the selected environment's full plan; apply filter or accept search   │
                              │ Esc                  return from plan; cancel filter; restore search                            │
                              │ 1–9                  open the numbered environment's full plan                                  │
                              │ Space                expand or collapse groups; toggle a filter candidate                       │
                              │ /                    filter addresses; search environment names in filter                       │
                              │ e                    filter compared environments                                               │
                              │                                                                                                 │
                              │ Other                                                                                           │
                              │ PgUp / PgDn          move a page in the active view or candidate list                           │
                              │ Home / End           go to an endpoint or the start/end of search text                          │
                              │ a                    clear filter search and select all                                         │
                              │ v                    show the full plan from the top                                            │
                              │ y                    copy the selected environment's plan                                       │
                              │ c                    show environment context                                                   │
                              │ r                    retry a selected Error environment                                         │
                              │ q                    quit; confirms first while acquiring                                       │
                              │                                                                                                 │
                              │ Matrix legend                                                                                   │
                              │ + / ~ / -            create / update / delete                                                   │
                              │ +/- / -/+            replace (create→delete / delete→create)                                    │
                              │ blank                resource absent from this environment                                      │
                              │ .                    resource present, with no change                                           │
                              │ ?                    plan unavailable; action unknown                                           │
                              │ read / move / import action shown by name                                                       │
                              │ why: missing         resource present in only some Ready plans                                  │
                              │                                                                                                 │
                              │ Comparison                                                                                      │
                              │ Same changes         no differences found in Ready plans; unknown values may differ             │
                              │ Scope                only Ready environments are compared                                       │
                              │ Excluded             environments are not retried                                               │
                              │                                                                                                 │
                              │ Totals                                                                                          │
                              │ replace              counted once as a replacement; it is not added to create or delete         │
                              │ No changes           all resource operation counts are zero for a Ready environment             │
                              │ ?/Esc close                                                                                     │
                              └─────────────────────────────────────────────────────────────────────────────────────────────────┘









  [ ] environment | Enter open | / filter | e environments | ? help | q quit
