---
source: src/ui/features/environments/tests.rs
expression: narrow
---
0 Overview   1 a-ready  2 b-error  ›
Re┌Help──────────────────────────────┐
b-│Navigation                        │
d-│↑ / ↓ / j / select a resource row │
HC│k                                 │
──│                                  │──
a-│← / → / [ / select an environment │
  │]                                 │
Ad│                                  │
No│PgUp / PgDn move one page         │th
To│                                  │
  │Home / End  go to the first or    │
  │            last row              │
  │                                  │
  │Review                            │
  │Enter       open the selected     │
  │            resource              │
  │                                  │
  │1–9         open the resource in  │
  │            that environment      │
  │                                  │
  │?/Esc close                       │
──└──────────────────────────────────┘──
Enter open  / filter  ? help  q quit
