---
source: src/ui/features/environments/tests.rs
expression: bottom_text
---
> 0 Overview  1 a-ready  2 b-error ›
R┌Help────────────────────────────────┐
b│   environments are not retried   ▲ │
d│                                  │ │
H│ Totals                           │ │
 │ replace                          │ │
 │   counted once as a replacement; │ │
 │   it is not added to create or   │ │
 │   delete                         │ │
 │ No changes                       │ │
 │   all resource operation counts  │ │
 │   are zero for a Ready           ┃ │
 │   environment                    ▼ │
 │ ?/Esc close                        │
 └────────────────────────────────────┘
 ? help  q quit
