---
source: src/ui/features/environments/tests.rs
expression: text
---
0 Overview   1 a-ready  2 b-error  ›
Re┌Help──────────────────────────────┐
b-│ Current: Overview              ▲ │
d-│ ↑ / ↓ / j / k   select a       ┃ │
HC│                 resource row   ┃ │
──│ ← / → / [ / ]   select an      ┃ │──
a-│                 environment    ┃ │
  │ Enter           open selected  │ │
Ad│                 resource in    │ │
No│                 raw plan       │ │th
To│ 1–9             open selected  │ │
  │                 resource in    │ │
  │                 the numbered   │ │
  │                 environment    │ │
  │ Space           expand or      │ │
  │                 collapse only  │ │
  │                 on [+]/[-]     │ │
  │                 group rows     │ │
  │ /               filter full    │ │
  │                 addresses      ▼ │
  │ ↑/↓/PgUp/PgDn scroll             │
  │ ?/Esc close                      │
──└──────────────────────────────────┘──
Enter open  e env filter  q quit
