---
source: src/ui/features/environments/tests.rs
expression: text
---
0 Overview   1 a-ready  2 b-error  ›
R┌Help────────────────────────────────┐
b│ Current: Overview                ▲ │
d│ ↑ / ↓ / j / k                    ┃ │
H│   scroll the matrix or preview   │ │
 │ ← / →                            │ │
 │   select env in matrix; scroll   │ │
A│   preview                        │ │
b│ [ / ]                            │ │
?│   select previous or next        │ │
N│   environment                    │ │h
─│ Enter                            ▼ │─
T│ ↑/↓/k/j/PgUp/PgDn scroll           │
↑│ ?/Esc close                        │
/└────────────────────────────────────┘
? help  q quit
