---
source: src/ui/features/environments/tests.rs
expression: text
---
terracotta ▸ a-ready                                                                                                                                   terraform
a-ready Ready No changes  │  b-error Error  │  c-running Running  │  d-pending Pending  │  e-hcp Excluded: HCP execution
┌* [2] Differs across envs · Ready 1/5─────────────────────────────────────────────────────────────────────────────────────────────────────────────────────────┐
│                                                                                                                                                              │
│                                                                                                                                                              │
│Address     a-ready     b-error     c-running     d-pending     e-hcp        why                                                                              │
│                                                                                                                                                              │
│No matching resource changes. v opens the full plan.                                                                                                          │
│                                                                                                                                                              │
│                                                                                                                                                              │
│                                                                                                                                                              │
│                                 ┌Help─────────────────────────────────────────────────────────────────────────────────────┐                                  │
│                                 │ Current: Multi-environment Overview                                                     │                                  │
│                                 │ ↑ / ↓ / j / k     select environments in [1] or rows in [2]                             │                                  │
│                                 │ Space             include or exclude an environment in [1]                              │                                  │
│                                 │ Space             expand or collapse the selected group or Same change summary in [2]   │                                  │
│                                 │ o / a             compare only the selected environment / all environments in [1]       │                                  │
│                                 │ [ / ]             select the previous or next environment                               │                                  │
│                                 │ 1 / 2             focus Envs / Differs; 1 opens Envs                                    │                                  │
│                                 │ b                 toggle the Envs sidebar                                               │                                  │
│                                 │ f                 maximize or restore the focused pane                                  │                                  │
│                                 │ Enter             open the selected row at its source in [2]                            │                                  │
│                                 │ /                 filter matrix addresses; display only                                 │                                  │
│                                 │ r                 retry the selected Error environment                                  │                                  │
│                                 │                                                                                         │                                  │
│                                 │ Other                                                                                   │                                  │
│                                 │ ← / →             scroll environment columns in [2]                                     │                                  │
│                                 │ PageUp / PageDown move by a page of rows in [2]                                         │                                  │
│                                 │ Home / End        select the first or last row in [2]                                   │                                  │
│                                 │ v                 open the full plan from the top                                       │                                  │
│                                 │ y                 copy the selected environment's plan                                  │                                  │
│                                 │ c                 show environment context                                              │                                  │
│                                 │ ?                 show or close this help                                               │                                  │
│                                 │ q                 quit; confirms first while acquiring                                  │                                  │
│                                 │                                                                                         │                                  │
│                                 │ Matrix legend                                                                           │                                  │
│                                 │ + / ~ / -         create / update / delete                                              │                                  │
│                                 │ +/- / -/+         replace (create→delete / delete→create)                               │                                  │
│                                 │ blank             resource absent from this environment                                 │                                  │
│                                 │ .                 resource present, with no change                                      │                                  │
│                                 │ ?                 plan unavailable; action unknown                                      │                                  │
│                                 │                                                                                         │                                  │
│                                 │ Comparison                                                                              │                                  │
│                                 │ Same changes      no differences found in Ready plans; unknown values may differ        │                                  │
│                                 │ Excluded          environments remain selectable and are not retried                    │                                  │
│                                 │ Scope             only Ready plans are compared                                         │                                  │
│                                 │ why: missing      resource is present in only some Ready plans                          │                                  │
│                                 │ ?/Esc close                                                                             │                                  │
│                                 └─────────────────────────────────────────────────────────────────────────────────────────┘                                  │
│                                                                                                                                                              │
│                                                                                                                                                              │
│                                                                                                                                                              │
│                                                                                                                                                              │
│                                                                                                                                                              │
│                                                                                                                                                              │
│                                                                                                                                                              │
│blank: absent   .: unchanged   ?: plan unavailable                                                                                                            │
└──────────────────────────────────────────────────────────────────────────────────────────────────────────────────────────────────────────────────────────────┘
[/] env | v full plan | / filter | b toggle envs | ? help | q quit | 1/2 focus | f maximize
