---
source: src/ui/features/environments/tests.rs
expression: text
---
0 Overview   1 a-ready  2 b-error  ›
Re┌Help──────────────────────────────┐
b-│ Current: Overview              ▲ │
d-│ ↑ / ↓ / j / k   select a       ┃ │
HC│                 resource row   ┃ │
──│ ← / → / [ / ]   select an      ┃ │──
a-│                 environment    ┃ │
  │ Enter / Esc     show / hide    │ │
Ad│                 preview; Esc   │ │
No│                 returns from   │ │th
To│                 full plan      │ │
  │ 1–9             open selected  │ │
  │                 resource in    │ │
  │                 the numbered   │ │
  │                 environment    │ │
  │ Space           expand or      │ │
  │                 collapse a     │ │
  │                 group          │ │
  │ /               filter full    │ │
  │                 addresses      ▼ │
──│ ↑/↓/PgUp/PgDn scroll             │──
↑↓│ ?/Esc close                      │
En└──────────────────────────────────┘
/ filter  Space expand  ? help  q quit
