---
source: src/ui/features/plan_review/diagnostics/tests/render_snapshots.rs
expression: "buffer_text(&render_to_buffer((120, 40), |frame|\n{\n    render_diagnostics(frame, &list, &state, DiagnosticsViewState::default());\n}))"
---
Terracotta | repo / environments/development/main                                                   branch: feature/ui07
Git: working tree vs HEAD
┌Diagnostics───────────────────────────────────────────────────────────────────────────────────────────────────────────┐
│Warning 1/1                                                                                                           │
│Summary: development configuration warning                                                                            │
│Detail: resource is defined in the development environment                                                            │
│Location: environments/development/main/service.tf:12:2-16:1                                                          │
│                                                                                                                      │
│                                                                                                                      │
│                                                                                                                      │
│                                                                                                                      │
│                                                                                                                      │
│                                                                                                                      │
│                                                                                                                      │
│                                                                                                                      │
│                                                                                                                      │
│                                                                                                                      │
│                                                                                                                      │
│                                                                                                                      │
│                                                                                                                      │
│                                                                                                                      │
│                                                                                                                      │
│                                                                                                                      │
│                                                                                                                      │
│                                                                                                                      │
│                                                                                                                      │
│                                                                                                                      │
│                                                                                                                      │
│                                                                                                                      │
│                                                                                                                      │
│                                                                                                                      │
│                                                                                                                      │
│                                                                                                                      │
│                                                                                                                      │
│                                                                                                                      │
│                                                                                                                      │
│                                                                                                                      │
│                                                                                                                      │
└──────────────────────────────────────────────────────────────────────────────────────────────────────────────────────┘
Esc/w back | q quit | ↑/↓/j/k scroll | PgUp/PgDn page
