---
source: src/ui/features/plan_review/diagnostics/tests/render_snapshots.rs
expression: "buffer_text(&render_to_buffer((80, 24), |frame|\n{\n    render_diagnostics(frame, &list, &state, DiagnosticsViewState::default());\n}))"
---
Terracotta | repo / environments/development/main
Git: working tree vs HEAD [branch: feature/ui07]
┌Diagnostics───────────────────────────────────────────────────────────────────┐
│Warning 1/1                                                                   │
│Summary: development configuration warning                                    │
│Detail: resource is defined in the development environment                    │
│Location: environments/development/main/service.tf:12:2-16:1                  │
│                                                                              │
│                                                                              │
│                                                                              │
│                                                                              │
│                                                                              │
│                                                                              │
│                                                                              │
│                                                                              │
│                                                                              │
│                                                                              │
│                                                                              │
│                                                                              │
│                                                                              │
│                                                                              │
│                                                                              │
└──────────────────────────────────────────────────────────────────────────────┘
q quit | Esc/w back | ↑/↓/j/k scroll | PgUp/PgDn page
