---
source: src/ui/features/execution/tests/render_snapshots.rs
expression: "buffer_text(&render_to_buffer(&state, started_at + Duration::from_secs(2), 60,\n20,))"
---
Terracotta | loading... (Git loading) [workspace: loa......]
Git: loading...
┌Failed────────────────────────────────────────────────────┐
│Elapsed 2.0s                                              │
│  Summary: Terraform initialization required              │
│  Detail: Run terraform init to install the providers requ│
│ired by this configuration.                               │
│  Location: infra/prod/main.tf:12:3                       │
│                                                          │
│  Review result is unavailable.                           │
│                                                          │
│                                                          │
│                                                          │
│                                                          │
│                                                          │
│                                                          │
│                                                          │
│──────────────────────────────────────────────────────────│
└──────────────────────────────────────────────────────────┘
q quit | ↑/↓/PgUp/PgDn scroll | y diagnostic | Y result
