---
source: src/ui/features/execution/tests/render_snapshots.rs
expression: "buffer_text(&render_to_buffer(&state, started_at + Duration::from_secs(5),\nREPRESENTATIVE_TERMINAL_SIZE.0, REPRESENTATIVE_TERMINAL_SIZE.1,))"
---
Terracotta | prod (Git unavailable)                                                                                                           branch: feature/network
Git: working tree vs HEAD
┌Planning───────────────────────────────────────────────────────────────────────────────────────────────────────────────────────────────────────────────────────────┐
│Planning...                                                                                                                                                        │
│Waiting for Terraform output... 2s    Follow: On                                                                                                                   │
│Elapsed 5.0s                                                                                                                                                       │
│  [done] aws_vpc.main                         Refresh complete                                                                                                     │
│  [run] aws_instance.api                     Refreshing                                                                                                            │
│                                                                                                                                                                   │
│                                                                                                                                                                   │
│                                                                                                                                                                   │
│                                                                                                                                                                   │
│                                                                                                                                                                   │
│                                                                                                                                                                   │
│                                                                                                                                                                   │
│                                                                                                                                                                   │
│                                                                                                                                                                   │
│                                                                                                                                                                   │
│                                                                                                                                                                   │
│                                                                                                                                                                   │
│                                                                                                                                                                   │
│                                                                                                                                                                   │
│                                                                                                                                                                   │
│                                                                                                                                                                   │
│                                                                                                                                                                   │
│                                                                                                                                                                   │
│                                                                                                                                                                   │
│                                                                                                                                                                   │
│                                                                                                                                                                   │
│                                                                                                                                                                   │
│                                                                                                                                                                   │
│                                                                                                                                                                   │
│                                                                                                                                                                   │
│                                                                                                                                                                   │
│                                                                                                                                                                   │
│                                                                                                                                                                   │
│                                                                                                                                                                   │
│                                                                                                                                                                   │
│                                                                                                                                                                   │
│                                                                                                                                                                   │
│                                                                                                                                                                   │
│                                                                                                                                                                   │
│                                                                                                                                                                   │
│                                                                                                                                                                   │
│                                                                                                                                                                   │
│                                                                                                                                                                   │
│                                                                                                                                                                   │
│                                                                                                                                                                   │
│───────────────────────────────────────────────────────────────────────────────────────────────────────────────────────────────────────────────────────────────────│
└───────────────────────────────────────────────────────────────────────────────────────────────────────────────────────────────────────────────────────────────────┘
Ctrl-C cancel | ↑/↓/PgUp/PgDn scroll | End follow latest
