---
source: src/ui/features/execution/tests/render_snapshots.rs
expression: "buffer_text(&render_to_buffer(&state, started_at + Duration::from_secs(5),\nREPRESENTATIVE_TERMINAL_SIZE.0, REPRESENTATIVE_TERMINAL_SIZE.1,))"
---
Terracotta | prod (Git unavailable)
Git: working tree vs HEAD [branch: feature/network]
┌Planning───────────────────────────────────────────────────────────────────────────────────────────────────────────────────────────────────────────────────────────┐
│| Processing    Follow: On                                                                                                                                         │
│Waiting for Terraform... 2s                                                                                                                                        │
│Elapsed 5.0s                                                                                                                                                       │
│  [done] aws_vpc.main                         Refresh complete                                                                                                     │
│  [run] aws_instance.api                     Refreshing                                                                                                            │
│                                                                                                                                                                   │
│                                                                                                                                                                   │
│                                                                                                                                                                   │
│                                                                                                                                                                   │
│                                                                                                                                                                   │
│                                                                                                                                                                   │
│                                                                                                                                                                   │
│                                                                                                                                                                   │
│                                                                                                                                                                   │
│                                                                                                                                                                   │
│                                                                                                                                                                   │
│                                                                                                                                                                   │
│                                                                                                                                                                   │
│                                                                                                                                                                   │
│                                                                                                                                                                   │
│                                                                                                                                                                   │
│                                                                                                                                                                   │
│                                                                                                                                                                   │
│                                                                                                                                                                   │
│                                                                                                                                                                   │
│                                                                                                                                                                   │
│                                                                                                                                                                   │
│                                                                                                                                                                   │
│                                                                                                                                                                   │
│                                                                                                                                                                   │
│                                                                                                                                                                   │
│                                                                                                                                                                   │
│                                                                                                                                                                   │
│                                                                                                                                                                   │
│                                                                                                                                                                   │
│                                                                                                                                                                   │
│                                                                                                                                                                   │
│                                                                                                                                                                   │
│                                                                                                                                                                   │
│                                                                                                                                                                   │
│                                                                                                                                                                   │
│                                                                                                                                                                   │
│                                                                                                                                                                   │
│                                                                                                                                                                   │
│                                                                                                                                                                   │
│───────────────────────────────────────────────────────────────────────────────────────────────────────────────────────────────────────────────────────────────────│
└───────────────────────────────────────────────────────────────────────────────────────────────────────────────────────────────────────────────────────────────────┘
Ctrl-C cancel | ↑/↓/PgUp/PgDn scroll | End follow latest
