---
source: src/ui/features/environments/tests/matrix.rs
expression: rendered
---
terracotta ▸ dev               terraform
┌* [2] Compare─────────────────────────┐
│                                      │
│                                      │
│Address             dev        why    │
│                                      │
│Differs across envs                   │
│> terraform_data.api~          action │
│                                      │
│  ▸ Same: 1 changes ~1                │
│                                      │
│blank: absent   .: unchanged          │
│?: plan unavailable                   │
└──────────────────────────────────────┘
Enter open row | v full plan | [/] env
2/3 focus | ? help | q quit
