---
source: src/ui/features/environments/tests/matrix.rs
expression: rendered
---
terracotta ▸ dev               terraform
dev Ready ~21
┌* [2] Differs across envs─────────────┐
│                                      │
│                                      │
│Address             dev        why    │
│                                      │
│Differs across envs                   │
│terraform_data.api  ~          action │
│                                      │
│Same change across envs               │
│…orm_data.server[*] ~ 20              │
│                                      │
└──────────────────────────────────────┘
[/] env | Enter open plan | v full plan
/ filter | Space expand | ?/q help/quit
