---
source: src/ui/features/environments/tests/matrix.rs
expression: output
---
> 0 Overview  1 staging  2 staging
Ready: 0/2   Compared: none   staging:
Error   staging: Error

 Synthetic acquisition error
 Address     > staging    why

 Waiting for environment plans.

 Total       Error
 blank: absent   .: unchanged
 ?: plan unavailable

 [ ] env  Enter open  / filter
 e env filter
 ? help  q quit
