---
source: src/ui/features/environments/tests/matrix.rs
expression: rendered.as_str()
---
terracotta ▸ env-11                                                    terraform
env-11 Ready ~1
┌* [2] Differs across envs─────────────────────────────────────────────────────┐
│                                                                              │
│                                                                              │
│Address            env-08      env-09      env-10      env-11       why       │
│                                                                              │
│Same change across envs                                                       │
│terraform_data.api ~           ~           ~           ~                      │
│                                                                              │
│blank: absent   .: unchanged   ?: plan unavailable                            │
│                                                                              │
│                                                                              │
│                                                                              │
│                                                                              │
│                                                                              │
│                                                                              │
│                                                                              │
│                                                                              │
│                                                                              │
│                                                                              │
└──────────────────────────────────────────────────────────────────────────────┘
[/] env | Enter open plan | v full plan | / filter | ? help | q quit | 2 focus
f maximize
