---
source: src/ui/features/environments/tests/matrix.rs
expression: output
---
0 Overview   1 staging  2 staging
Ready: 0/2   Compared: none   staging:
Error   staging: Error

Synthetic acquisition error
Address     > staging    why
blank: absent   .: unchanged
?: plan unavailable
Waiting for environment plans.
────────────────────────────────────────
Total       Error


↑↓ rows  ←→ env  Enter preview
/ filter  e env filter  v plan
? help  q quit
