---
source: src/ui/features/environments/tests/matrix.rs
expression: output
---
0 Overview   1 staging  2 staging
Ready: 0/2   Compared: none   staging: Error   staging: Error
────────────────────────────────────────────────────────────────────────────────

Synthetic acquisition error
Address       staging   > staging    why
blank: absent   .: unchanged   ?: plan unavailable
Waiting for environment plans.
────────────────────────────────────────────────────────────────────────────────
Total       Error       Error











────────────────────────────────────────────────────────────────────────────────
↑↓ scroll rows | ←→ select env | Enter preview | [ ] select env | / filter
e env filter | v full plan | ? help | q quit
