---
source: src/ui/features/environments/tests/matrix.rs
expression: output
---
0 Overview   1 staging  2 staging
Ready: 0/2   Compared: none   staging:
Error   staging: Error
────────────────────────────────────────
staging · tofu
Synthetic acquisition error
Address     staging   > staging  why
Waiting for environment plans.
Total       Error     Error



────────────────────────────────────────
↑↓ row  ←→ env
Enter preview  v full plan
/ filter  Space expand  ? help  q quit
