---
source: src/ui/features/environments/tests/matrix.rs
expression: "text(&mut view, &state, (80, 24))"
---
terracotta ▸ env-11                                                    terraform
env-11 Pending
┌* [2] Differs across envs─────────────────────────────────────────────────────┐
│                                                                              │
│                                                                              │
│Address     env-00      env-01      env-02      env-03       why              │
│                                                                              │
│Waiting for environment plans.                                                │
│                                                                              │
│blank: absent   .: unchanged   ?: plan unavailable                            │
│                                                                              │
│                                                                              │
│                                                                              │
│                                                                              │
│                                                                              │
│                                                                              │
│                                                                              │
│                                                                              │
│                                                                              │
│                                                                              │
│                                                                              │
└──────────────────────────────────────────────────────────────────────────────┘
[/] env | Enter open plan | v full plan | / filter | ? help | q quit | 1/2 focus
f maximize
