---
source: src/ui/features/environments/tests/matrix.rs
expression: "text(&mut view, &state, (80, 24))"
---
0 Overview  ‹  7 env-06  8 env-07  9 env-08  10 env-09  11 env-10  12 env-11
Ready: 12/12
────────────────────────────────────────────────────────────────────────────────


Address              env-07    env-08    env-09    env-10    env-11     why
blank: absent   .: unchanged   ?: plan unavailable
Same change across envs
> terraform_data.api ~         ~         ~         ~         ~
────────────────────────────────────────────────────────────────────────────────
Total                +0 ~1 -0  +0 ~1 -0  +0 ~1 -0  +0 ~1 -0  +0 ~1 -0
                     0 replace 0 replace 0 replace 0 replace 0 replace









────────────────────────────────────────────────────────────────────────────────
↑↓ row | ←→ env | Enter preview | / filter | e env filter | v full plan | ? help
q quit
