---
source: src/ui/features/environments/tests/matrix.rs
expression: rendered.as_str()
---
terracotta ▸ env-11                                                    terraform
env-11 Ready ~1
┌* [2] Differs across envs─────────────────────────────────────────────────────┐
│                                                                              │
│                                                                              │
│Address     env-11       why                                                  │
│                                                                              │
│> Same change across envs: 1 changes ~1  Space expand                         │
│                                                                              │
│                                                                              │
│                                                                              │
│                                                                              │
│                                                                              │
│                                                                              │
│                                                                              │
│                                                                              │
│                                                                              │
│                                                                              │
│                                                                              │
│                                                                              │
│blank: absent   .: unchanged   ?: plan unavailable                            │
└──────────────────────────────────────────────────────────────────────────────┘
[/] env | Enter toggle same changes | v full plan | / filter
Space expand selected | ? help | q quit | 2 focus | f maximize
