---
source: src/ui/features/environments/tests/matrix.rs
expression: rendered
---
terracotta ▸ dev                                                                                               terraform
┌* [1] Envs────────────┐┌  [2] Differs across envs─────────────────────────────────────────────────────────────────────┐
│> [x] dev             ││                                                                                              │
│    Ready             ││                                                                                              │
│        ~21           ││Address                      dev         prod        stg          why                         │
│                      ││                                                                                              │
│  [x] prod [PROD]     ││Differs across envs                                                                           │
│    Ready             ││terraform_data.api           ~           +/-         -            action                      │
│        ~200          ││                                                                                              │
│        1 replace     ││Same change across envs                                                                       │
│  [x] stg             ││[+] terraform_data.server[*] ~ 20        ~ 200       ~ 20                                     │
│    Ready             ││                                                                                              │
│        ~20           ││blank: absent   .: unchanged   ?: plan unavailable                                            │
│    -1                ││                                                                                              │
│                      ││                                                                                              │
│                      ││                                                                                              │
│                      ││                                                                                              │
│                      ││                                                                                              │
│                      ││                                                                                              │
│                      ││                                                                                              │
│                      ││                                                                                              │
│                      ││                                                                                              │
│                      ││                                                                                              │
│                      ││                                                                                              │
│                      ││                                                                                              │
│                      ││                                                                                              │
│                      ││                                                                                              │
│                      ││                                                                                              │
│                      ││                                                                                              │
│                      ││                                                                                              │
│                      ││                                                                                              │
│                      ││                                                                                              │
│                      ││                                                                                              │
│                      ││                                                                                              │
│                      ││                                                                                              │
│                      ││                                                                                              │
│                      ││                                                                                              │
└──────────────────────┘└──────────────────────────────────────────────────────────────────────────────────────────────┘
[/] env | Enter open plan | Space include/exclude | o only | a all | b toggle envs | ? help | q quit | 1/2 focus
f maximize
