---
source: src/ui/features/environments/tests/matrix.rs
expression: output
---
terracotta ▸ prod                                                           tofu
staging Error  │  staging Error
┌* [2] Differs across envs · Ready 0/2─────────────────────────────────────────┐
│                                                                              │
│Address     staging      why                                                  │
│                                                                              │
│Waiting for environment plans.                                                │
│                                                                              │
│blank: absent   .: unchanged   ?: plan unavailable                            │
└──────────────────────────────────────────────────────────────────────────────┘
┌  [3] Relations · staging · whole env─────────────────────────────────────────┐
│Plan failed: Synthetic acquisition error                                      │
│                                                                              │
│                                                                              │
│                                                                              │
│                                                                              │
│                                                                              │
│                                                                              │
│                                                                              │
│                                                                              │
│                                                                              │
└──────────────────────────────────────────────────────────────────────────────┘
[/] env | v full plan | / filter | r retry | ? help | q quit | 2/3 focus
f maximize
