---
source: src/ui/features/plan_review/render.rs
expression: buffer_text(buffer)
---
Target: repo Workspace: default Tool: terraform loading... Dir: /repo  Changes  No changes

────────────────────────────────────────────────────────────────────────────────────────────────────────────────────────────────────────────────────────────────
xxxxxxxxxxxxxxxxxxxxxxxxxxxxxxxxxxxxxxxxxxxxxxxx
xxxxxxxxxxxxxxxxxxxxxxxxxxxxxxxxxxxxxxxxxxxxxxxx
xxxxxxxxxxxxxxxxxxxxxxxxxxxxxxxxxxxxxxxxxxxxxxxx




















































────────────────────────────────────────────────────────────────────────────────────────────────────────────────────────────────────────────────────────────────
s overview | / filter | ? help | q quit                                                                                                                 Line 1/3
