---
source: src/ui/features/plan_review/render.rs
expression: buffer_text(buffer)
---
empty  ws:default  terraform loading...  /repo/environments/staging/empty
Plan: +0 add  ~0 update  0 replace  -0 destroy
────────────────────────────────────────────────────────────────────────────────────────────────────────────────────────



































────────────────────────────────────────────────────────────────────────────────────────────────────────────────────────
/ filter | ? help | q quit | y copy plan                                                                             1/1
