---
source: src/ui/features/plan_review/render.rs
assertion_line: 1930
expression: buffer_text(buffer)
---
Target: empty Workspace: default Tool: terraform loading... Dir: /repo/environments/staging/empty
Changes  none

────────────────────────────────────────────────────────────────────────────────────────────────────────────────────────


































────────────────────────────────────────────────────────────────────────────────────────────────────────────────────────
s overview | / filter | ? help | q quit                                                                         Line 1/1
