---
source: src/ui/features/plan_review/render.rs
expression: buffer_text(buffer)
---








 Terracotta | repo

 ┌Plan────────────────────────────────────────────────────────────────────────┐
 │xxxxxxxxxxxxxxxxxxxxxxxxxxxxxxxxxxxxxxxxxxxxxxxx                            │
 │xxxxxxxxxxxxxxxxxxxxxxxxxxxxxxxxxxxxxxxxxxxxxxxx                            │
 │xxxxxxxxxxxxxxxxxxxxxxxxxxxxxxxxxxxxxxxxxxxxxxxx                            │
 └────────────────────────────────────────────────────────────────────────────┘
 ↑/↓/←/→ scroll | / filter | y yank | a apply | q quit
