---
source: src/ui/features/plan_review/render.rs
expression: buffer_text(buffer)
---
Target: main [PROD] Workspace: default Tool: terraform 1.9.0 Dir: ./environments/production/main  Changes  +2 add  ~2 update  -1 destroy

────────────────────────────────────────────────────────────────────────────────────────────────────────────────────────────────────────────────────────────────
  # terraform_data.api will be updated in-place
  ~ resource "terraform_data" "api" {
      id       = "api-20260920"
 main [PROD]  ws:default  terraform 1.9.0  ./environments/production/main
      # (4 unchanged attributes hidden)
    }

  # terraform_data.worker must be replaced
-/+ resource "terraform_data" "worker" {
      ~ input = "worker-before" -> "worker-after" # forces replacement
      - old_checksum = "sha256:0123456789abcdef0123456789abcdef0123456789abcdef"
      + new_checksum = (known after apply)
    }

  # terraform_data.old will be destroyed
  - resource "terraform_data" "old" {
      id = "old-20260920"
    }
                                                     ┌Apply help─────────────────────────────────────────┐
  # terraform_data.new will be created               │ Navigation                                        │
  + resource "terraform_data" "new" {   ┌────────────│ ↑ / ↓ / PgUp / PgDn scroll confirmation           │─────────────┐
      input = "new-value"               │            │ ← / →               move in confirmation input    │             │
      note  = "A deliberately long synth│ Apply this │ Home / End          move to input start or end    │             │
    }                                   │            │                                                   │             │
                                        │ Target: mai│ Input                                             │             │
Changes to Outputs:                     │ Workspace: │ Type                enter the confirmation text   │             │
  + endpoint = (known after apply)      │ Directory: │ Backspace           delete before the cursor      │             │
  ~ summary  = "old summary" -> "new sum│ Tool: terra│                                                   │             │
                                        │ Plan: +2 ad│ Context                                           │             │
Warning: Value for "pending" is not know│            │ Tab                 show execution context        │             │
                                        │ Type main t│                                                   │             │
Plan: 2 to add, 2 to change, 1 to destro│ > |        │ Apply                                             │             │
                                        │            │ Enter               confirm apply                 │             │
Synthetic review text continues below so└────────────│ Esc                 return to plan review         │─────────────┘
The same long body is intentionally reusEnter confirm│ ?/Esc close                                       │
No Terraform process, provider, state file, or cloud └───────────────────────────────────────────────────┘
The review surface preserves Terraform order, attributes, output values, and diagnostics.
Long lines remain unwrapped in the plan body; horizontal movement exposes the hidden suffix.
Vertical movement exposes later lines in this synthetic plan body.

End of synthetic plan body.














────────────────────────────────────────────────────────────────────────────────────────────────────────────────────────────────────────────────────────────────
s overview | / filter | a apply | ? help | q quit                                                                                                      Line 3/43
