---
source: src/ui/features/plan_review/render.rs
expression: buffer_text(buffer)
---
Target: main [PROD] Workspace: default Tool: terraform loading... Dir: /repo/environments/production/main
Unique targets (replace once): +2 add  ~2 update  0 replace  -1 destroy
────────────────────────────────────────────────────────────────────────────────────────────────────────────────────────
  # terraform_data.api will be updated in-place                                                                        ▲
  ~ resource "terraform_data" "api" {                                                                                  ┃
      id       = "api-20260920"                                                                                        ┃
      ~ input  = "before" -> "after"                                                                                   ┃
      # (4 unchanged attributes hidden)                                                                                ┃
    }                                                                                                                  ┃
                                                                                                                       ┃
  # terraform_data.worker must be repl┌Help─────────────────────────────────────┐                                      ┃
-/+ resource "terraform_data" "worker"│ Navigation                              │                                      ┃
      ~ input = "worker-before" -> "wo│ ↑ / ↓ / j / k scroll vertically         │                                      ┃
      - old_checksum = "sha256:0123456│ ← / → / h / l scroll horizontally       │                                      ┃
      + new_checksum = (known after ap│ PgUp / PgDn   scroll one page           │                                      ┃
    }                                 │ Home / End    go to the top or bottom   │                                      ┃
                                      │ s             overview                  │                                      ┃
  # terraform_data.old will be destroy│                                         │                                      ┃
  - resource "terraform_data" "old" { │ Review                                  │                                      ┃
      id = "old-20260920"             │ /             filter the full plan      │                                      ┃
    }                                 │                                         │                                      ┃
                                      │ Actions                                 │                                      ┃
  # terraform_data.new will be created│ c             show execution context    │                                      ┃
  + resource "terraform_data" "new" { │ y             copy the full plan        │                                      ┃
      input = "new-value"             │ a             apply the full plan       │                                      ┃
      note  = "A deliberately long syn│                                         │ible"                                 ┃
    }                                 │ Exit                                    │                                      ┃
                                      │ q             quit                      │                                      ┃
Changes to Outputs:                   │ ?/Esc close                             │                                      ┃
  + endpoint = (known after apply)    └─────────────────────────────────────────┘                                      ┃
  ~ summary  = "old summary" -> "new summary with a deliberately long value for review"                                ┃
                                                                                                                       ┃
Warning: Value for "pending" is not known until apply                                                                  │
                                                                                                                       │
Plan: 2 to add, 2 to change, 1 to destroy.                                                                             │
                                                                                                                       │
Synthetic review text continues below so the viewport and scrollbar remain meaningful.                                 │
The same long body is intentionally reused across every review state and terminal size.                                ▼
────────────────────────────────────────────────────────────────────────────────────────────────────────────────────────
s overview | / filter | a apply | ? help | q quit                                                              Line 3/43
