---
source: src/ui/features/plan_review/render.rs
expression: buffer_text(buffer)
---

 Terracotta | main

 ┌Plan────────────────────────────────────────────────────────────────────────┐
 │Plan: +2 add  ~2 update  0 replace  -1 destroy                              │
 ┌────────────────────────────────────────────────────────────────────────────┐
 │  # terraform_data.api will be updated in-place                            ▲│
 │ Apply this reviewed plan?ta" "api" {                                      ┃│
 │      id       = "api-20260920"                                            ┃│
 │ Target: main [PROD]fore" -> "after"                                       ┃│
 │ Workspace: defaultd attributes hidden)                                    ┃│
 │ Directory: /repo/environments/production/main                             ││
 │ Tool: terraform loading...                                                ││
 │ Plan: +2 add  ~2 update  0 replace  -1 destroy                            ││
 │-/+ resource "terraform_data" "worker" {                                   ││
 │ Type main to apply (exact match). "worker-after" # forces replacement     ││
 │ > |  - old_checksum = "sha256:0123456789abcdef0123456789abcdef0123456789ab││
 │      + new_checksum = (known after apply)                                 ││
 └────────────────────────────────────────────────────────────────────────────┘
 Enter confirm | Esc back                                                    ││
 │◀︎════════════════════════════════════════════════════════════──────────────▶︎│
 └────────────────────────────────────────────────────────────────────────────┘
 ↑/↓/←/→ scroll | / filter | y copy plan | a apply | q quit
