---
source: src/ui/features/plan_review/render.rs
expression: buffer_text(buffer)
---

 Terracotta | main

 ┌Plan | Filter───────────────────────────────────────────────────────────────┐
 │/terraform_data|                                                            │
 │Filter matches: resources 4/4 | outputs 0/2                                 │
 │Scope: full plan (apply / yank)                                             │
 │Terraform will perform the following actions:                              ▲│
 │                                                                           ┃│
 │  # terraform_data.api will be updated in-place                            ┃│
 │  ~ resource "terraform_data" "api" {                                      ┃│
 │      id       = "api-20260920"                                            ┃│
 │      ~ input  = "before" -> "after"                                       ││
 │      # (4 unchanged attributes hidden)                                    ││
 │    }                                                                      ││
 │                                                                           ││
 │  # terraform_data.worker must be replaced                                 ││
 │-/+ resource "terraform_data" "worker" {                                   ││
 │      ~ input = "worker-before" -> "worker-after" # forces replacement     ││
 │      - old_checksum = "sha256:0123456789abcdef0123456789abcdef0123456789ab││
 │◀︎════════════════════════════════════════════════════════════──────────────▶︎│
 └────────────────────────────────────────────────────────────────────────────┘
 Enter confirm | Esc cancel | Ctrl-A/Ctrl-E move
