---
source: src/ui/features/plan_review/render.rs
expression: buffer_text(buffer)
---

























 Terracotta | repo

 ┌Plan────────────────────────────────────────────────────────────────────────────────────────────────────────────────────────────────────────────────────────┐
 │Plan: +0 add  ~0 update  0 replace  -0 destroy                                                                                                              │
 │────────────────────────────────────────────────────────────────────────────────────────────────────────────────────────────────────────────────────────────│
 │xxxxxxxxxxxxxxxxxxxxxxxxxxxxxxxxxxxxxxxxxxxxxxxx                                                                                                            │
 │xxxxxxxxxxxxxxxxxxxxxxxxxxxxxxxxxxxxxxxxxxxxxxxx                                                                                                            │
 │xxxxxxxxxxxxxxxxxxxxxxxxxxxxxxxxxxxxxxxxxxxxxxxx                                                                                                            │
 └────────────────────────────────────────────────────────────────────────────────────────────────────────────────────────────────────────────────────────────┘
 ↑/↓/←/→ scroll | / filter | y copy plan | a apply | q quit
