---
source: src/ui/features/plan_review/tests/render_snapshots.rs
expression: "buffer_text(&render_to_buffer(&state, 80, 24))"
---
Terracotta | repo / environments/development/main           branch: feature/ui07
Git: working tree vs HEAD
┌Plan──────────────────────────────────────────────────────────────────────────┐
│+0 create  ~1 update  R0 replace  -0 delete                                   │
│Needs review: 0/1   Filter: All (f)                                           │
│──────────────────────────────────────────────────────────────────────────────│
│     ACTION  RESOURCE                                                         │
│>    ~       terraform_data.api                                               │
│                                                                              │
│                                                                              │
│                                                                              │
│                                                                              │
│                                                                              │
│                                                                              │
│                                                                              │
│                                                                              │
│                                                                              │
│                                                                              │
│                                                                              │
│                                                                              │
│                                                                              │
└──────────────────────────────────────────────────────────────────────────────┘
q quit | Enter details | j/k/↑/↓ select | f change filter | / edit search
y copy resource | Y copy plan
