---
source: src/ui/features/plan_review/tests/render_snapshots.rs
assertion_line: 25
expression: "buffer_text(&render_to_buffer(&state, 80, 12))"
---
┌Terracotta / Plan─────────────────────────────────────────────────────────────┐
│compare working tree vs HEAD                                                  │
│+0 create  ~0 update  R0 replace  -0 delete                                   │
│Needs review: 0 / 0   Filter: All                                             │
│──────────────────────────────────────────────────────────────────────────────│
│No resource changes.                                                          │
│                                                                              │
│                                                                              │
│                                                                              │
│                                                                              │
│j/k/↑↓ select  Enter  f filter  / search  q/Ctrl-C quit                       │
└──────────────────────────────────────────────────────────────────────────────┘
