---
source: src/ui/features/overview/render.rs
expression: text
---
infra  ws:default  terraform loading...  /repo/infra
Overview  +0 add  ~2 update  0 replace  -0 destroy  Repeated: 2
────────────────────────────────────────────────────────────────────────────────────────────────────────────────────────
  Change Address
Other changes: 1 output/import/move or unsupported change(s). Press v for the full plan.
  ~ x2   [+] terraform_data.server[*]




                                  ┌Help─────────────────────────────────────────────┐
                                  │ Navigation                                      │
                                  │ ↑ / ↓ / j / k select a row                      │
                                  │ PgUp / PgDn   move one page                     │
                                  │ Home / End    go to the first or last row       │
                                  │                                                 │
                                  │ Review                                          │
                                  │ Enter         open the selected raw block       │
                                  │ /             filter full addresses             │
                                  │ Space         expand or collapse a group        │
                                  │ v             show the full plan from the top   │
                                  │                                                 │
                                  │ Actions                                         │
                                  │ y             copy the full plan                │
                                  │ c             show execution context            │
                                  │                                                 │
                                  │ Exit                                            │
                                  │ q             quit                              │
                                  │ ?/Esc close                                     │
                                  └─────────────────────────────────────────────────┘








────────────────────────────────────────────────────────────────────────────────────────────────────────────────────────
/ filter | Enter open raw | Space expand | v full plan | ? help | q quit
