---
source: src/ui/features/overview/render.rs
expression: text
---
infra  ws:default  ...ng...  /repo/infra
R┌Help────────────────────────────────┐
─│ Navigation                       ▲ │─
┌│ 2 / 3                            ┃ │┐
││   focus Changes / Relations      ┃ ││
││ ↑ / ↓ / j / k                    ┃ ││
└│   select a Changes row or scroll │ │┘
┌│   Relations                      │ │┐
││ ← / →                            │ ││
││   scroll Changes or Relations    │ ││
││   horizontally                   │ ││
││ PgUp / PgDn                      │ ││
└│   move one page                  ▼ │┘
─│ ?/Esc close                        │─
/└────────────────────────────────────┘
2/3 focus | f maximize | ? help | q quit
