---
source: src/ui/features/overview/render.rs
expression: bottom_text
---
infra  ws:default  ...ng...  /repo/infra
O┌Help────────────────────────────────┐
─│   top                            ▲ │─
 │                                  │ │
O│ Actions                          │ │u
 │ y                                │ │
 │   copy the full plan             │ │
 │ c                                │ │
 │   show execution context         │ │
 │                                  ┃ │
 │ Exit                             ┃ │
 │ q                                ┃ │
 │   quit                           ▼ │
─│ ?/Esc close                        │─
/└────────────────────────────────────┘
? help | q quit
